// Jest Snapshot v1, https://goo.gl/fbAQLP

exports[`Select Default snapshot 1`] = `
.emotion-2 {
  box-sizing: border-box;
  margin: 0;
  min-width: 0;
  display: -webkit-box;
  display: -webkit-flex;
  display: -ms-flexbox;
  display: flex;
}

.emotion-0 {
  box-sizing: border-box;
  margin: 0;
  min-width: 0;
  display: block;
  width: 100%;
  padding: 8px;
  -webkit-appearance: none;
  -moz-appearance: none;
  appearance: none;
  font-size: inherit;
  line-height: inherit;
  border: 1px solid;
  border-radius: 4px;
  color: inherit;
  background-color: transparent;
}

.emotion-1 {
  box-sizing: border-box;
  margin: 0;
  min-width: 0;
  margin-left: -28px;
  -webkit-align-self: center;
  -ms-flex-item-align: center;
  align-self: center;
  pointer-events: none;
  width: 24px;
  height: 24px;
}

<div
  className="emotion-2"
>
  <select
    className="emotion-0"
  >
    Test
  </select>
  <svg
    className="emotion-1"
    fill="currentcolor"
    viewBox="0 0 24 24"
    xmlns="http://www.w3.org/2000/svg"
  >
    <path
      d="M7 10l5 5 5-5z"
    />
  </svg>
</div>
`;
